
> ai_project@0.1.0 build
> next build

node.exe : ΓÜá 
Warning: Next.js 
inferred your 
workspace root, but 
it may not be correct.
At C:\Program Files\no
dejs\npm.ps1:29 char:3
+   & $NODE_EXE 
$NPM_CLI_JS $args
+   ~~~~~~~~~~~~~~~~~~
~~~~~~~~~~~
    + CategoryInfo    
          : NotSpeci  
  fied: (ΓÜá Warnin   
 g: Ne...not be co    
rrect.:String) []    
, RemoteException
    + FullyQualifiedE 
   rrorId : NativeCo  
  mmandError
 
 We detected multiple 
lockfiles and 
selected the 
directory of 
G:\package-lock.json 
as the root directory.
 To silence this 
warning, set 
`turbopack.root` in 
your Next.js config, 
or consider removing 
one of the lockfiles 
if it's not needed.
   See https://nextjs.
org/docs/app/api-refer
ence/config/next-confi
g-js/turbopack#root-di
rectory for more 
information.
 Detected additional 
lockfiles: 
   * G:\ai_project\pac
kage-lock.json

Γû▓ Next.js 16.1.6 (Turbopack)

  Creating an optimized production build ...

> Build error occurred
Error: Turbopack 
build failed with 20 
errors:
./ai_project/app/conta
ct/clientPage.tsx:1:10
Ecmascript file had 
an error
[0m[31m[1m>[22m[3
9m[90m 1 |[39m 
[36mimport[39m { 
useState } 
[36mfrom[39m [32m"r
eact"[39m[33m;[39m
 [90m   |[39m       
   [31m[1m^[22m[39
m[31m[1m^[22m[39m
[31m[1m^[22m[39m[3
1m[1m^[22m[39m[31m
[1m^[22m[39m[31m[
1m^[22m[39m[31m[1m
^[22m[39m[31m[1m^
[22m[39m
 [90m 2 |[39m 
[36mimport[39m { 
motion } 
[36mfrom[39m [32m"f
ramer-motion"[39m[33
m;[39m
 [90m 3 |[39m 
[36mimport[39m { 
[33mButton[39m } 
[36mfrom[39m [32m"@
/components/ui/button"
[39m[33m;[39m
 [90m 4 |[39m 
[36mimport[39m { 
[33mInput[39m } 
[36mfrom[39m [32m"@
/components/ui/input"
[39m[33m;[39m[0m

You're importing a 
component that needs 
`useState`. This 
React Hook only works 
in a Client 
Component. To fix, 
mark the file (or its 
parent) with the 
`"use client"` 
directive.

 Learn more: https://n
extjs.org/docs/app/api
-reference/directives/
use-client



Import trace:
  Server Component:
    ./ai_project/app/c
ontact/clientPage.tsx
    ./ai_project/app/c
ontact/page.tsx


./ai_project/app/dashb
oard/api-settings/clie
ntPage.tsx:7:10
Ecmascript file had 
an error
[0m [90m  5 |[39m 
[36mimport[39m { [3
3mCopy[39m[33m,[39m
 [33mEye[39m[33m,[
39m [33mEyeOff[39m[
33m,[39m 
[33mRefreshCw[39m } 
[36mfrom[39m [32m"l
ucide-react"[39m[33m
;[39m
 [90m  6 |[39m 
[36mimport[39m [33m
DashboardLayout[39m 
[36mfrom[39m [32m"@
/components/DashboardL
ayout"[39m[33m;[39m
[31m[1m>[22m[39m[
90m  7 |[39m 
[36mimport[39m { 
useState } 
[36mfrom[39m [32m"r
eact"[39m[33m;[39m
 [90m    |[39m      
    [31m[1m^[22m[3
9m[31m[1m^[22m[39m
[31m[1m^[22m[39m[
31m[1m^[22m[39m[31
m[1m^[22m[39m[31m
[1m^[22m[39m[31m[1
m^[22m[39m[31m[1m^
[22m[39m
 [90m  8 |[39m 
[36mimport[39m { 
useToast } 
[36mfrom[39m [32m"@
/hooks/use-toast"[39m
[33m;[39m
 [90m  9 |[39m
 [90m 10 |[39m 
[36mconst[39m 
[33mApiSettings[39m 
[33m=[39m () 
[33m=>[39m {[0m

You're importing a 
component that needs 
`useState`. This 
React Hook only works 
in a Client 
Component. To fix, 
mark the file (or its 
parent) with the 
`"use client"` 
directive.

 Learn more: https://n
extjs.org/docs/app/api
-reference/directives/
use-client



Import trace:
  Server Component:
    ./ai_project/app/d
ashboard/api-settings/
clientPage.tsx
    ./ai_project/app/d
ashboard/api-settings/
page.tsx


./ai_project/app/dashb
oard/speech-to-text/cl
ientPage.tsx:1:10
Ecmascript file had 
an error
[0m[31m[1m>[22m[3
9m[90m 1 |[39m 
[36mimport[39m { 
useState } 
[36mfrom[39m [32m"r
eact"[39m[33m;[39m
 [90m   |[39m       
   [31m[1m^[22m[39
m[31m[1m^[22m[39m
[31m[1m^[22m[39m[3
1m[1m^[22m[39m[31m
[1m^[22m[39m[31m[
1m^[22m[39m[31m[1m
^[22m[39m[31m[1m^
[22m[39m
 [90m 2 |[39m 
[36mimport[39m { 
motion } 
[36mfrom[39m [32m"f
ramer-motion"[39m[33
m;[39m
 [90m 3 |[39m 
[36mimport[39m { 
[33mButton[39m } 
[36mfrom[39m [32m"@
/components/ui/button"
[39m[33m;[39m
 [90m 4 |[39m 
[36mimport[39m { [3
3mUpload[39m[33m,[3
9m [33mFileAudio[39m
[33m,[39m [33mCopy
[39m[33m,[39m 
[33mLoader2[39m } 
[36mfrom[39m [32m"l
ucide-react"[39m[33m
;[39m[0m

You're importing a 
component that needs 
`useState`. This 
React Hook only works 
in a Client 
Component. To fix, 
mark the file (or its 
parent) with the 
`"use client"` 
directive.

 Learn more: https://n
extjs.org/docs/app/api
-reference/directives/
use-client



Import trace:
  Server Component:
    ./ai_project/app/d
ashboard/speech-to-tex
t/clientPage.tsx
    ./ai_project/app/d
ashboard/speech-to-tex
t/page.tsx


./ai_project/app/dashb
oard/text-to-speech/cl
ientPage.tsx:1:10
Ecmascript file had 
an error
[0m[31m[1m>[22m[3
9m[90m 1 |[39m 
[36mimport[39m { 
useState } 
[36mfrom[39m [32m"r
eact"[39m[33m;[39m
 [90m   |[39m       
   [31m[1m^[22m[39
m[31m[1m^[22m[39m
[31m[1m^[22m[39m[3
1m[1m^[22m[39m[31m
[1m^[22m[39m[31m[
1m^[22m[39m[31m[1m
^[22m[39m[31m[1m^
[22m[39m
 [90m 2 |[39m 
[36mimport[39m { 
motion } 
[36mfrom[39m [32m"f
ramer-motion"[39m[33
m;[39m
 [90m 3 |[39m 
[36mimport[39m { 
[33mButton[39m } 
[36mfrom[39m [32m"@
/components/ui/button"
[39m[33m;[39m
 [90m 4 |[39m 
[36mimport[39m { 
[33mTextarea[39m } 
[36mfrom[39m [32m"@
/components/ui/textare
a"[39m[33m;[39m[0m

You're importing a 
component that needs 
`useState`. This 
React Hook only works 
in a Client 
Component. To fix, 
mark the file (or its 
parent) with the 
`"use client"` 
directive.

 Learn more: https://n
extjs.org/docs/app/api
-reference/directives/
use-client



Import trace:
  Server Component:
    ./ai_project/app/d
ashboard/text-to-speec
h/clientPage.tsx
    ./ai_project/app/d
ashboard/text-to-speec
h/page.tsx


./ai_project/app/dashb
oard/voice-cloning/cli
entPage.tsx:1:10
Ecmascript file had 
an error
[0m[31m[1m>[22m[3
9m[90m 1 |[39m 
[36mimport[39m { 
useState } 
[36mfrom[39m [32m"r
eact"[39m[33m;[39m
 [90m   |[39m       
   [31m[1m^[22m[39
m[31m[1m^[22m[39m
[31m[1m^[22m[39m[3
1m[1m^[22m[39m[31m
[1m^[22m[39m[31m[
1m^[22m[39m[31m[1m
^[22m[39m[31m[1m^
[22m[39m
 [90m 2 |[39m 
[36mimport[39m { 
motion } 
[36mfrom[39m [32m"f
ramer-motion"[39m[33
m;[39m
 [90m 3 |[39m 
[36mimport[39m { 
[33mButton[39m } 
[36mfrom[39m [32m"@
/components/ui/button"
[39m[33m;[39m
 [90m 4 |[39m 
[36mimport[39m { 
[33mInput[39m } 
[36mfrom[39m [32m"@
/components/ui/input"
[39m[33m;[39m[0m

You're importing a 
component that needs 
`useState`. This 
React Hook only works 
in a Client 
Component. To fix, 
mark the file (or its 
parent) with the 
`"use client"` 
directive.

 Learn more: https://n
extjs.org/docs/app/api
-reference/directives/
use-client



Import trace:
  Server Component:
    ./ai_project/app/d
ashboard/voice-cloning
/clientPage.tsx
    ./ai_project/app/d
ashboard/voice-cloning
/page.tsx


./ai_project/app/dashb
oard/voice-dialogue/cl
ientPage.tsx:1:10
Ecmascript file had 
an error
[0m[31m[1m>[22m[3
9m[90m 1 |[39m 
[36mimport[39m { 
useState } 
[36mfrom[39m [32m"r
eact"[39m[33m;[39m
 [90m   |[39m       
   [31m[1m^[22m[39
m[31m[1m^[22m[39m
[31m[1m^[22m[39m[3
1m[1m^[22m[39m[31m
[1m^[22m[39m[31m[
1m^[22m[39m[31m[1m
^[22m[39m[31m[1m^
[22m[39m
 [90m 2 |[39m 
[36mimport[39m { 
motion } 
[36mfrom[39m [32m"f
ramer-motion"[39m[33
m;[39m
 [90m 3 |[39m 
[36mimport[39m { 
[33mButton[39m } 
[36mfrom[39m [32m"@
/components/ui/button"
[39m[33m;[39m
 [90m 4 |[39m 
[36mimport[39m { 
[33mInput[39m } 
[36mfrom[39m [32m"@
/components/ui/input"
[39m[33m;[39m[0m

You're importing a 
component that needs 
`useState`. This 
React Hook only works 
in a Client 
Component. To fix, 
mark the file (or its 
parent) with the 
`"use client"` 
directive.

 Learn more: https://n
extjs.org/docs/app/api
-reference/directives/
use-client



Import trace:
  Server Component:
    ./ai_project/app/d
ashboard/voice-dialogu
e/clientPage.tsx
    ./ai_project/app/d
ashboard/voice-dialogu
e/page.tsx


./ai_project/app/login
/clientPage.tsx:1:10
Ecmascript file had 
an error
[0m[31m[1m>[22m[3
9m[90m 1 |[39m 
[36mimport[39m { 
useState } 
[36mfrom[39m [32m"r
eact"[39m[33m;[39m
 [90m   |[39m       
   [31m[1m^[22m[39
m[31m[1m^[22m[39m
[31m[1m^[22m[39m[3
1m[1m^[22m[39m[31m
[1m^[22m[39m[31m[
1m^[22m[39m[31m[1m
^[22m[39m[31m[1m^
[22m[39m
 [90m 2 |[39m 
[36mimport[39m { 
[33mLink[39m } 
[36mfrom[39m [32m"r
eact-router-dom"[39m
[33m;[39m
 [90m 3 |[39m 
[36mimport[39m { 
motion } 
[36mfrom[39m [32m"f
ramer-motion"[39m[33
m;[39m
 [90m 4 |[39m 
[36mimport[39m { 
[33mButton[39m } 
[36mfrom[39m [32m"@
/components/ui/button"
[39m[33m;[39m[0m

You're importing a 
component that needs 
`useState`. This 
React Hook only works 
in a Client 
Component. To fix, 
mark the file (or its 
parent) with the 
`"use client"` 
directive.

 Learn more: https://n
extjs.org/docs/app/api
-reference/directives/
use-client



Import trace:
  Server Component:
    ./ai_project/app/l
ogin/clientPage.tsx
    ./ai_project/app/l
ogin/page.tsx


./ai_project/app/not-f
ound.tsx:2:10
Ecmascript file had 
an error
[0m [90m 1 |[39m 
[36mimport[39m { 
useLocation } 
[36mfrom[39m [32m"r
eact-router-dom"[39m
[33m;[39m
[31m[1m>[22m[39m[
90m 2 |[39m 
[36mimport[39m { 
useEffect } 
[36mfrom[39m [32m"r
eact"[39m[33m;[39m
 [90m   |[39m       
   [31m[1m^[22m[39
m[31m[1m^[22m[39m
[31m[1m^[22m[39m[3
1m[1m^[22m[39m[31m
[1m^[22m[39m[31m[
1m^[22m[39m[31m[1m
^[22m[39m[31m[1m^
[22m[39m[31m[1m^[2
2m[39m
 [90m 3 |[39m
 [90m 4 |[39m 
[36mconst[39m 
[33mNotFound[39m 
[33m=[39m () 
[33m=>[39m {
 [90m 5 |[39m   
[36mconst[39m 
location [33m=[39m u
seLocation()[33m;[39
m[0m

You're importing a 
component that needs 
`useEffect`. This 
React Hook only works 
in a Client 
Component. To fix, 
mark the file (or its 
parent) with the 
`"use client"` 
directive.

 Learn more: https://n
extjs.org/docs/app/api
-reference/directives/
use-client




./ai_project/app/prici
ng/clientPage.tsx:1:10
Ecmascript file had 
an error
[0m[31m[1m>[22m[3
9m[90m 1 |[39m 
[36mimport[39m { 
useState } 
[36mfrom[39m [32m"r
eact"[39m[33m;[39m
 [90m   |[39m       
   [31m[1m^[22m[39
m[31m[1m^[22m[39m
[31m[1m^[22m[39m[3
1m[1m^[22m[39m[31m
[1m^[22m[39m[31m[
1m^[22m[39m[31m[1m
^[22m[39m[31m[1m^
[22m[39m
 [90m 2 |[39m 
[36mimport[39m { 
[33mButton[39m } 
[36mfrom[39m [32m"@
/components/ui/button"
[39m[33m;[39m
 [90m 3 |[39m 
[36mimport[39m { 
[33mLink[39m } 
[36mfrom[39m [32m"r
eact-router-dom"[39m
[33m;[39m
 [90m 4 |[39m 
[36mimport[39m { 
motion } 
[36mfrom[39m [32m"f
ramer-motion"[39m[33
m;[39m[0m

You're importing a 
component that needs 
`useState`. This 
React Hook only works 
in a Client 
Component. To fix, 
mark the file (or its 
parent) with the 
`"use client"` 
directive.

 Learn more: https://n
extjs.org/docs/app/api
-reference/directives/
use-client



Import trace:
  Server Component:
    ./ai_project/app/p
ricing/clientPage.tsx
    ./ai_project/app/p
ricing/page.tsx


./ai_project/app/regis
ter/clientPage.tsx:1:1
0
Ecmascript file had 
an error
[0m[31m[1m>[22m[3
9m[90m 1 |[39m 
[36mimport[39m { 
useState } 
[36mfrom[39m [32m"r
eact"[39m[33m;[39m
 [90m   |[39m       
   [31m[1m^[22m[39
m[31m[1m^[22m[39m
[31m[1m^[22m[39m[3
1m[1m^[22m[39m[31m
[1m^[22m[39m[31m[
1m^[22m[39m[31m[1m
^[22m[39m[31m[1m^
[22m[39m
 [90m 2 |[39m 
[36mimport[39m { 
[33mLink[39m } 
[36mfrom[39m [32m"r
eact-router-dom"[39m
[33m;[39m
 [90m 3 |[39m 
[36mimport[39m { 
motion } 
[36mfrom[39m [32m"f
ramer-motion"[39m[33
m;[39m
 [90m 4 |[39m 
[36mimport[39m { 
[33mButton[39m } 
[36mfrom[39m [32m"@
/components/ui/button"
[39m[33m;[39m[0m

You're importing a 
component that needs 
`useState`. This 
React Hook only works 
in a Client 
Component. To fix, 
mark the file (or its 
parent) with the 
`"use client"` 
directive.

 Learn more: https://n
extjs.org/docs/app/api
-reference/directives/
use-client



Import trace:
  Server Component:
    ./ai_project/app/r
egister/clientPage.tsx
    ./ai_project/app/r
egister/page.tsx


./ai_project/component
s/DashboardLayout.tsx:
1:21
Ecmascript file had 
an error
[0m[31m[1m>[22m[3
9m[90m 1 |[39m 
[36mimport[39m { [3
3mReactNode[39m[33m,
[39m useState } 
[36mfrom[39m [32m"r
eact"[39m[33m;[39m
 [90m   |[39m       
              [31m[1
m^[22m[39m[31m[1m^
[22m[39m[31m[1m^[
22m[39m[31m[1m^[22
m[39m[31m[1m^[22m
[39m[31m[1m^[22m[3
9m[31m[1m^[22m[39m
[31m[1m^[22m[39m
 [90m 2 |[39m 
[36mimport[39m { [3
3mLink[39m[33m,[39m
 useLocation } 
[36mfrom[39m [32m"r
eact-router-dom"[39m
[33m;[39m
 [90m 3 |[39m 
[36mimport[39m {
 [90m 4 |[39m   [33
mLayoutDashboard[39m
[33m,[39m[0m

You're importing a 
component that needs 
`useState`. This 
React Hook only works 
in a Client 
Component. To fix, 
mark the file (or its 
parent) with the 
`"use client"` 
directive.

 Learn more: https://n
extjs.org/docs/app/api
-reference/directives/
use-client



Import trace:
  Server Component:
    ./ai_project/compo
nents/DashboardLayout.
tsx
    ./ai_project/app/d
ashboard/clientPage.ts
x
    ./ai_project/app/d
ashboard/page.tsx


./ai_project/app/clien
tHomePage.tsx:18:1
Module not found: 
Can't resolve 
'@/assets/hero-bg.jpg'
[0m [90m 16 |[39m 
} [36mfrom[39m [32m
"lucide-react"[39m[3
3m;[39m
 [90m 17 |[39m 
[36mimport[39m [33m
PublicLayout[39m 
[36mfrom[39m [32m"@
/components/PublicLayo
ut"[39m[33m;[39m
[31m[1m>[22m[39m[
90m 18 |[39m 
[36mimport[39m 
heroBg [36mfrom[39m 
[32m"@/assets/hero-bg
.jpg"[39m[33m;[39m
 [90m    |[39m [31m
[1m^[22m[39m[31m[
1m^[22m[39m[31m[1m
^[22m[39m[31m[1m^
[22m[39m[31m[1m^[2
2m[39m[31m[1m^[22m
[39m[31m[1m^[22m[
39m[31m[1m^[22m[39
m[31m[1m^[22m[39m
[31m[1m^[22m[39m[3
1m[1m^[22m[39m[31m
[1m^[22m[39m[31m[
1m^[22m[39m[31m[1m
^[22m[39m[31m[1m^
[22m[39m[31m[1m^[2
2m[39m[31m[1m^[22m
[39m[31m[1m^[22m[
39m[31m[1m^[22m[39
m[31m[1m^[22m[39m
[31m[1m^[22m[39m[3
1m[1m^[22m[39m[31m
[1m^[22m[39m[31m[
1m^[22m[39m[31m[1m
^[22m[39m[31m[1m^
[22m[39m[31m[1m^[2
2m[39m[31m[1m^[22m
[39m[31m[1m^[22m[
39m[31m[1m^[22m[39
m[31m[1m^[22m[39m
[31m[1m^[22m[39m[3
1m[1m^[22m[39m[31m
[1m^[22m[39m[31m[
1m^[22m[39m[31m[1m
^[22m[39m[31m[1m^
[22m[39m[31m[1m^[2
2m[39m[31m[1m^[22m
[39m[31m[1m^[22m[
39m[31m[1m^[22m[39
m[31m[1m^[22m[39m
 [90m 19 |[39m
 [90m 20 |[39m 
[36mconst[39m 
features [33m=[39m [
 [90m 21 |[39m   
{[0m

Import map: aliased 
to relative './assets/
hero-bg.jpg' inside 
of 
[project]/ai_project


Import trace:
  Server Component:
    ./ai_project/app/c
lientHomePage.tsx
    ./ai_project/app/p
age.tsx

https://nextjs.org/doc
s/messages/module-not-
found


./ai_project/component
s/ui/label.tsx:2:1
Module not found: 
Can't resolve '@radix-
ui/react-label'
[0m [90m 1 |[39m 
[36mimport[39m 
[33m*[39m 
[36mas[39m 
[33mReact[39m 
[36mfrom[39m [32m"r
eact"[39m[33m;[39m
[31m[1m>[22m[39m[
90m 2 |[39m 
[36mimport[39m 
[33m*[39m 
[36mas[39m [33mLabe
lPrimitive[39m 
[36mfrom[39m [32m"@
radix-ui/react-label"
[39m[33m;[39m
 [90m   |[39m [31m
[1m^[22m[39m[31m[1
m^[22m[39m[31m[1m^
[22m[39m[31m[1m^[
22m[39m[31m[1m^[22
m[39m[31m[1m^[22m
[39m[31m[1m^[22m[3
9m[31m[1m^[22m[39m
[31m[1m^[22m[39m[
31m[1m^[22m[39m[31
m[1m^[22m[39m[31m
[1m^[22m[39m[31m[1
m^[22m[39m[31m[1m^
[22m[39m[31m[1m^[
22m[39m[31m[1m^[22
m[39m[31m[1m^[22m
[39m[31m[1m^[22m[3
9m[31m[1m^[22m[39m
[31m[1m^[22m[39m[
31m[1m^[22m[39m[31
m[1m^[22m[39m[31m
[1m^[22m[39m[31m[1
m^[22m[39m[31m[1m^
[22m[39m[31m[1m^[
22m[39m[31m[1m^[22
m[39m[31m[1m^[22m
[39m[31m[1m^[22m[3
9m[31m[1m^[22m[39m
[31m[1m^[22m[39m[
31m[1m^[22m[39m[31
m[1m^[22m[39m[31m
[1m^[22m[39m[31m[1
m^[22m[39m[31m[1m^
[22m[39m[31m[1m^[
22m[39m[31m[1m^[22
m[39m[31m[1m^[22m
[39m[31m[1m^[22m[3
9m[31m[1m^[22m[39m
[31m[1m^[22m[39m[
31m[1m^[22m[39m[31
m[1m^[22m[39m[31m
[1m^[22m[39m[31m[1
m^[22m[39m[31m[1m^
[22m[39m[31m[1m^[
22m[39m[31m[1m^[22
m[39m[31m[1m^[22m
[39m[31m[1m^[22m[3
9m[31m[1m^[22m[39m
[31m[1m^[22m[39m[
31m[1m^[22m[39m[31
m[1m^[22m[39m[31m
[1m^[22m[39m
 [90m 3 |[39m 
[36mimport[39m { 
cva[33m,[39m type [
33mVariantProps[39m 
} [36mfrom[39m [32m
"class-variance-author
ity"[39m[33m;[39m
 [90m 4 |[39m
 [90m 5 |[39m 
[36mimport[39m { cn 
} [36mfrom[39m [32m
"@/lib/utils"[39m[33
m;[39m[0m



Import trace:
  Server Component:
    ./ai_project/compo
nents/ui/label.tsx
    ./ai_project/app/c
ontact/clientPage.tsx
    ./ai_project/app/c
ontact/page.tsx

https://nextjs.org/doc
s/messages/module-not-
found


./ai_project/component
s/ui/select.tsx:2:1
Module not found: 
Can't resolve '@radix-
ui/react-select'
[0m [90m 1 |[39m 
[36mimport[39m 
[33m*[39m 
[36mas[39m 
[33mReact[39m 
[36mfrom[39m [32m"r
eact"[39m[33m;[39m
[31m[1m>[22m[39m[
90m 2 |[39m 
[36mimport[39m 
[33m*[39m 
[36mas[39m [33mSele
ctPrimitive[39m 
[36mfrom[39m [32m"@
radix-ui/react-select"
[39m[33m;[39m
 [90m   |[39m [31m
[1m^[22m[39m[31m[1
m^[22m[39m[31m[1m^
[22m[39m[31m[1m^[
22m[39m[31m[1m^[22
m[39m[31m[1m^[22m
[39m[31m[1m^[22m[3
9m[31m[1m^[22m[39m
[31m[1m^[22m[39m[
31m[1m^[22m[39m[31
m[1m^[22m[39m[31m
[1m^[22m[39m[31m[1
m^[22m[39m[31m[1m^
[22m[39m[31m[1m^[
22m[39m[31m[1m^[22
m[39m[31m[1m^[22m
[39m[31m[1m^[22m[3
9m[31m[1m^[22m[39m
[31m[1m^[22m[39m[
31m[1m^[22m[39m[31
m[1m^[22m[39m[31m
[1m^[22m[39m[31m[1
m^[22m[39m[31m[1m^
[22m[39m[31m[1m^[
22m[39m[31m[1m^[22
m[39m[31m[1m^[22m
[39m[31m[1m^[22m[3
9m[31m[1m^[22m[39m
[31m[1m^[22m[39m[
31m[1m^[22m[39m[31
m[1m^[22m[39m[31m
[1m^[22m[39m[31m[1
m^[22m[39m[31m[1m^
[22m[39m[31m[1m^[
22m[39m[31m[1m^[22
m[39m[31m[1m^[22m
[39m[31m[1m^[22m[3
9m[31m[1m^[22m[39m
[31m[1m^[22m[39m[
31m[1m^[22m[39m[31
m[1m^[22m[39m[31m
[1m^[22m[39m[31m[1
m^[22m[39m[31m[1m^
[22m[39m[31m[1m^[
22m[39m[31m[1m^[22
m[39m[31m[1m^[22m
[39m[31m[1m^[22m[3
9m[31m[1m^[22m[39m
[31m[1m^[22m[39m[
31m[1m^[22m[39m[31
m[1m^[22m[39m[31m
[1m^[22m[39m[31m[1
m^[22m[39m[31m[1m^
[22m[39m
 [90m 3 |[39m 
[36mimport[39m { [3
3mCheck[39m[33m,[39
m [33mChevronDown[39
m[33m,[39m 
[33mChevronUp[39m } 
[36mfrom[39m [32m"l
ucide-react"[39m[33m
;[39m
 [90m 4 |[39m
 [90m 5 |[39m 
[36mimport[39m { cn 
} [36mfrom[39m [32m
"@/lib/utils"[39m[33
m;[39m[0m



Import trace:
  Server Component:
    ./ai_project/compo
nents/ui/select.tsx
    ./ai_project/app/d
ashboard/text-to-speec
h/clientPage.tsx
    ./ai_project/app/d
ashboard/text-to-speec
h/page.tsx

https://nextjs.org/doc
s/messages/module-not-
found


./ai_project/component
s/ui/slider.tsx:2:1
Module not found: 
Can't resolve '@radix-
ui/react-slider'
[0m [90m 1 |[39m 
[36mimport[39m 
[33m*[39m 
[36mas[39m 
[33mReact[39m 
[36mfrom[39m [32m"r
eact"[39m[33m;[39m
[31m[1m>[22m[39m[
90m 2 |[39m 
[36mimport[39m 
[33m*[39m 
[36mas[39m [33mSlid
erPrimitive[39m 
[36mfrom[39m [32m"@
radix-ui/react-slider"
[39m[33m;[39m
 [90m   |[39m [31m
[1m^[22m[39m[31m[1
m^[22m[39m[31m[1m^
[22m[39m[31m[1m^[
22m[39m[31m[1m^[22
m[39m[31m[1m^[22m
[39m[31m[1m^[22m[3
9m[31m[1m^[22m[39m
[31m[1m^[22m[39m[
31m[1m^[22m[39m[31
m[1m^[22m[39m[31m
[1m^[22m[39m[31m[1
m^[22m[39m[31m[1m^
[22m[39m[31m[1m^[
22m[39m[31m[1m^[22
m[39m[31m[1m^[22m
[39m[31m[1m^[22m[3
9m[31m[1m^[22m[39m
[31m[1m^[22m[39m[
31m[1m^[22m[39m[31
m[1m^[22m[39m[31m
[1m^[22m[39m[31m[1
m^[22m[39m[31m[1m^
[22m[39m[31m[1m^[
22m[39m[31m[1m^[22
m[39m[31m[1m^[22m
[39m[31m[1m^[22m[3
9m[31m[1m^[22m[39m
[31m[1m^[22m[39m[
31m[1m^[22m[39m[31
m[1m^[22m[39m[31m
[1m^[22m[39m[31m[1
m^[22m[39m[31m[1m^
[22m[39m[31m[1m^[
22m[39m[31m[1m^[22
m[39m[31m[1m^[22m
[39m[31m[1m^[22m[3
9m[31m[1m^[22m[39m
[31m[1m^[22m[39m[
31m[1m^[22m[39m[31
m[1m^[22m[39m[31m
[1m^[22m[39m[31m[1
m^[22m[39m[31m[1m^
[22m[39m[31m[1m^[
22m[39m[31m[1m^[22
m[39m[31m[1m^[22m
[39m[31m[1m^[22m[3
9m[31m[1m^[22m[39m
[31m[1m^[22m[39m[
31m[1m^[22m[39m[31
m[1m^[22m[39m[31m
[1m^[22m[39m[31m[1
m^[22m[39m[31m[1m^
[22m[39m
 [90m 3 |[39m
 [90m 4 |[39m 
[36mimport[39m { cn 
} [36mfrom[39m [32m
"@/lib/utils"[39m[33
m;[39m
 [90m 5 |[39m[0m



Import trace:
  Server Component:
    ./ai_project/compo
nents/ui/slider.tsx
    ./ai_project/app/d
ashboard/text-to-speec
h/clientPage.tsx
    ./ai_project/app/d
ashboard/text-to-speec
h/page.tsx

https://nextjs.org/doc
s/messages/module-not-
found


./ai_project/component
s/ui/button.tsx:2:1
Module not found: 
Can't resolve 
'@radix-ui/react-slot'
[0m [90m 1 |[39m 
[36mimport[39m 
[33m*[39m 
[36mas[39m 
[33mReact[39m 
[36mfrom[39m [32m"r
eact"[39m[33m;[39m
[31m[1m>[22m[39m[
90m 2 |[39m 
[36mimport[39m { 
[33mSlot[39m } 
[36mfrom[39m [32m"@
radix-ui/react-slot"[
39m[33m;[39m
 [90m   |[39m [31m
[1m^[22m[39m[31m[1
m^[22m[39m[31m[1m^
[22m[39m[31m[1m^[
22m[39m[31m[1m^[22
m[39m[31m[1m^[22m
[39m[31m[1m^[22m[3
9m[31m[1m^[22m[39m
[31m[1m^[22m[39m[
31m[1m^[22m[39m[31
m[1m^[22m[39m[31m
[1m^[22m[39m[31m[1
m^[22m[39m[31m[1m^
[22m[39m[31m[1m^[
22m[39m[31m[1m^[22
m[39m[31m[1m^[22m
[39m[31m[1m^[22m[3
9m[31m[1m^[22m[39m
[31m[1m^[22m[39m[
31m[1m^[22m[39m[31
m[1m^[22m[39m[31m
[1m^[22m[39m[31m[1
m^[22m[39m[31m[1m^
[22m[39m[31m[1m^[
22m[39m[31m[1m^[22
m[39m[31m[1m^[22m
[39m[31m[1m^[22m[3
9m[31m[1m^[22m[39m
[31m[1m^[22m[39m[
31m[1m^[22m[39m[31
m[1m^[22m[39m[31m
[1m^[22m[39m[31m[1
m^[22m[39m[31m[1m^
[22m[39m[31m[1m^[
22m[39m[31m[1m^[22
m[39m[31m[1m^[22m
[39m[31m[1m^[22m[3
9m[31m[1m^[22m[39m
[31m[1m^[22m[39m[
31m[1m^[22m[39m[31
m[1m^[22m[39m
 [90m 3 |[39m 
[36mimport[39m { 
cva[33m,[39m type [
33mVariantProps[39m 
} [36mfrom[39m [32m
"class-variance-author
ity"[39m[33m;[39m
 [90m 4 |[39m
 [90m 5 |[39m 
[36mimport[39m { cn 
} [36mfrom[39m [32m
"@/lib/utils"[39m[33
m;[39m[0m



Import traces:
  Server Component:
    ./ai_project/compo
nents/ui/button.tsx
    ./ai_project/app/d
ashboard/api-settings/
clientPage.tsx
    ./ai_project/app/d
ashboard/api-settings/
page.tsx

  Client Component 
Browser:
    ./ai_project/compo
nents/ui/button.tsx 
[Client Component 
Browser]
    ./ai_project/compo
nents/Header.tsx 
[Client Component 
Browser]
    ./ai_project/compo
nents/PublicLayout.tsx
 [Client Component 
Browser]
    ./ai_project/app/a
bout/clientPage.tsx 
[Client Component 
Browser]
    ./ai_project/app/a
bout/clientPage.tsx 
[Server Component]
    ./ai_project/app/a
bout/page.tsx [Server 
Component]

  Client Component 
SSR:
    ./ai_project/compo
nents/ui/button.tsx 
[Client Component SSR]
    ./ai_project/compo
nents/Header.tsx 
[Client Component SSR]
    ./ai_project/compo
nents/PublicLayout.tsx
 [Client Component 
SSR]
    ./ai_project/app/a
bout/clientPage.tsx 
[Client Component SSR]
    ./ai_project/app/a
bout/clientPage.tsx 
[Server Component]
    ./ai_project/app/a
bout/page.tsx [Server 
Component]

https://nextjs.org/doc
s/messages/module-not-
found


./ai_project/component
s/ui/button.tsx:3:1
Module not found: 
Can't resolve 'class-v
ariance-authority'
[0m [90m 1 |[39m 
[36mimport[39m 
[33m*[39m 
[36mas[39m 
[33mReact[39m 
[36mfrom[39m [32m"r
eact"[39m[33m;[39m
 [90m 2 |[39m 
[36mimport[39m { 
[33mSlot[39m } 
[36mfrom[39m [32m"@
radix-ui/react-slot"[
39m[33m;[39m
[31m[1m>[22m[39m[
90m 3 |[39m 
[36mimport[39m { 
cva[33m,[39m type [
33mVariantProps[39m 
} [36mfrom[39m [32m
"class-variance-author
ity"[39m[33m;[39m
 [90m   |[39m [31m
[1m^[22m[39m[31m[1
m^[22m[39m[31m[1m^
[22m[39m[31m[1m^[
22m[39m[31m[1m^[22
m[39m[31m[1m^[22m
[39m[31m[1m^[22m[3
9m[31m[1m^[22m[39m
[31m[1m^[22m[39m[
31m[1m^[22m[39m[31
m[1m^[22m[39m[31m
[1m^[22m[39m[31m[1
m^[22m[39m[31m[1m^
[22m[39m[31m[1m^[
22m[39m[31m[1m^[22
m[39m[31m[1m^[22m
[39m[31m[1m^[22m[3
9m[31m[1m^[22m[39m
[31m[1m^[22m[39m[
31m[1m^[22m[39m[31
m[1m^[22m[39m[31m
[1m^[22m[39m[31m[1
m^[22m[39m[31m[1m^
[22m[39m[31m[1m^[
22m[39m[31m[1m^[22
m[39m[31m[1m^[22m
[39m[31m[1m^[22m[3
9m[31m[1m^[22m[39m
[31m[1m^[22m[39m[
31m[1m^[22m[39m[31
m[1m^[22m[39m[31m
[1m^[22m[39m[31m[1
m^[22m[39m[31m[1m^
[22m[39m[31m[1m^[
22m[39m[31m[1m^[22
m[39m[31m[1m^[22m
[39m[31m[1m^[22m[3
9m[31m[1m^[22m[39m
[31m[1m^[22m[39m[
31m[1m^[22m[39m[31
m[1m^[22m[39m[31m
[1m^[22m[39m[31m[1
m^[22m[39m[31m[1m^
[22m[39m[31m[1m^[
22m[39m[31m[1m^[22
m[39m[31m[1m^[22m
[39m[31m[1m^[22m[3
9m[31m[1m^[22m[39m
[31m[1m^[22m[39m[
31m[1m^[22m[39m[31
m[1m^[22m[39m[31m
[1m^[22m[39m[31m[1
m^[22m[39m[31m[1m^
[22m[39m[31m[1m^[
22m[39m[31m[1m^[22
m[39m[31m[1m^[22m
[39m[31m[1m^[22m[3
9m[31m[1m^[22m[39m
[31m[1m^[22m[39m[
31m[1m^[22m[39m[31
m[1m^[22m[39m
 [90m 4 |[39m
 [90m 5 |[39m 
[36mimport[39m { cn 
} [36mfrom[39m [32m
"@/lib/utils"[39m[33
m;[39m
 [90m 6 |[39m[0m



Import traces:
  Server Component:
    ./ai_project/compo
nents/ui/button.tsx
    ./ai_project/app/d
ashboard/api-settings/
clientPage.tsx
    ./ai_project/app/d
ashboard/api-settings/
page.tsx

  Client Component 
Browser:
    ./ai_project/compo
nents/ui/button.tsx 
[Client Component 
Browser]
    ./ai_project/compo
nents/Header.tsx 
[Client Component 
Browser]
    ./ai_project/compo
nents/PublicLayout.tsx
 [Client Component 
Browser]
    ./ai_project/app/a
bout/clientPage.tsx 
[Client Component 
Browser]
    ./ai_project/app/a
bout/clientPage.tsx 
[Server Component]
    ./ai_project/app/a
bout/page.tsx [Server 
Component]

  Client Component 
SSR:
    ./ai_project/compo
nents/ui/button.tsx 
[Client Component SSR]
    ./ai_project/compo
nents/Header.tsx 
[Client Component SSR]
    ./ai_project/compo
nents/PublicLayout.tsx
 [Client Component 
SSR]
    ./ai_project/app/a
bout/clientPage.tsx 
[Client Component SSR]
    ./ai_project/app/a
bout/clientPage.tsx 
[Server Component]
    ./ai_project/app/a
bout/page.tsx [Server 
Component]

https://nextjs.org/doc
s/messages/module-not-
found


./ai_project/component
s/ui/label.tsx:3:1
Module not found: 
Can't resolve 'class-v
ariance-authority'
[0m [90m 1 |[39m 
[36mimport[39m 
[33m*[39m 
[36mas[39m 
[33mReact[39m 
[36mfrom[39m [32m"r
eact"[39m[33m;[39m
 [90m 2 |[39m 
[36mimport[39m 
[33m*[39m 
[36mas[39m [33mLabe
lPrimitive[39m 
[36mfrom[39m [32m"@
radix-ui/react-label"
[39m[33m;[39m
[31m[1m>[22m[39m[
90m 3 |[39m 
[36mimport[39m { 
cva[33m,[39m type [
33mVariantProps[39m 
} [36mfrom[39m [32m
"class-variance-author
ity"[39m[33m;[39m
 [90m   |[39m [31m
[1m^[22m[39m[31m[1
m^[22m[39m[31m[1m^
[22m[39m[31m[1m^[
22m[39m[31m[1m^[22
m[39m[31m[1m^[22m
[39m[31m[1m^[22m[3
9m[31m[1m^[22m[39m
[31m[1m^[22m[39m[
31m[1m^[22m[39m[31
m[1m^[22m[39m[31m
[1m^[22m[39m[31m[1
m^[22m[39m[31m[1m^
[22m[39m[31m[1m^[
22m[39m[31m[1m^[22
m[39m[31m[1m^[22m
[39m[31m[1m^[22m[3
9m[31m[1m^[22m[39m
[31m[1m^[22m[39m[
31m[1m^[22m[39m[31
m[1m^[22m[39m[31m
[1m^[22m[39m[31m[1
m^[22m[39m[31m[1m^
[22m[39m[31m[1m^[
22m[39m[31m[1m^[22
m[39m[31m[1m^[22m
[39m[31m[1m^[22m[3
9m[31m[1m^[22m[39m
[31m[1m^[22m[39m[
31m[1m^[22m[39m[31
m[1m^[22m[39m[31m
[1m^[22m[39m[31m[1
m^[22m[39m[31m[1m^
[22m[39m[31m[1m^[
22m[39m[31m[1m^[22
m[39m[31m[1m^[22m
[39m[31m[1m^[22m[3
9m[31m[1m^[22m[39m
[31m[1m^[22m[39m[
31m[1m^[22m[39m[31
m[1m^[22m[39m[31m
[1m^[22m[39m[31m[1
m^[22m[39m[31m[1m^
[22m[39m[31m[1m^[
22m[39m[31m[1m^[22
m[39m[31m[1m^[22m
[39m[31m[1m^[22m[3
9m[31m[1m^[22m[39m
[31m[1m^[22m[39m[
31m[1m^[22m[39m[31
m[1m^[22m[39m[31m
[1m^[22m[39m[31m[1
m^[22m[39m[31m[1m^
[22m[39m[31m[1m^[
22m[39m[31m[1m^[22
m[39m[31m[1m^[22m
[39m[31m[1m^[22m[3
9m[31m[1m^[22m[39m
[31m[1m^[22m[39m[
31m[1m^[22m[39m[31
m[1m^[22m[39m
 [90m 4 |[39m
 [90m 5 |[39m 
[36mimport[39m { cn 
} [36mfrom[39m [32m
"@/lib/utils"[39m[33
m;[39m
 [90m 6 |[39m[0m



Import trace:
  Server Component:
    ./ai_project/compo
nents/ui/label.tsx
    ./ai_project/app/c
ontact/clientPage.tsx
    ./ai_project/app/c
ontact/page.tsx

https://nextjs.org/doc
s/messages/module-not-
found


./ai_project/lib/utils
.ts:1:1
Module not found: 
Can't resolve 'clsx'
[0m[31m[1m>[22m[3
9m[90m 1 |[39m 
[36mimport[39m { 
clsx[33m,[39m type 
[33mClassValue[39m 
} [36mfrom[39m [32m
"clsx"[39m[33m;[39m
 [90m   |[39m [31m
[1m^[22m[39m[31m[1
m^[22m[39m[31m[1m^
[22m[39m[31m[1m^[
22m[39m[31m[1m^[22
m[39m[31m[1m^[22m
[39m[31m[1m^[22m[3
9m[31m[1m^[22m[39m
[31m[1m^[22m[39m[
31m[1m^[22m[39m[31
m[1m^[22m[39m[31m
[1m^[22m[39m[31m[1
m^[22m[39m[31m[1m^
[22m[39m[31m[1m^[
22m[39m[31m[1m^[22
m[39m[31m[1m^[22m
[39m[31m[1m^[22m[3
9m[31m[1m^[22m[39m
[31m[1m^[22m[39m[
31m[1m^[22m[39m[31
m[1m^[22m[39m[31m
[1m^[22m[39m[31m[1
m^[22m[39m[31m[1m^
[22m[39m[31m[1m^[
22m[39m[31m[1m^[22
m[39m[31m[1m^[22m
[39m[31m[1m^[22m[3
9m[31m[1m^[22m[39m
[31m[1m^[22m[39m[
31m[1m^[22m[39m[31
m[1m^[22m[39m[31m
[1m^[22m[39m[31m[1
m^[22m[39m[31m[1m^
[22m[39m[31m[1m^[
22m[39m[31m[1m^[22
m[39m[31m[1m^[22m
[39m[31m[1m^[22m[3
9m[31m[1m^[22m[39m
[31m[1m^[22m[39m[
31m[1m^[22m[39m[31
m[1m^[22m[39m[31m
[1m^[22m[39m
 [90m 2 |[39m 
[36mimport[39m { 
twMerge } 
[36mfrom[39m [32m"t
ailwind-merge"[39m[3
3m;[39m
 [90m 3 |[39m
 [90m 4 |[39m 
[36mexport[39m 
[36mfunction[39m cn(
[33m...[39minputs[3
3m:[39m [33mClassVal
ue[39m[]) {[0m



Import traces:
  Server Component:
    ./ai_project/lib/u
tils.ts
    ./ai_project/compo
nents/ui/textarea.tsx
    ./ai_project/app/c
ontact/clientPage.tsx
    ./ai_project/app/c
ontact/page.tsx

  Client Component 
Browser:
    ./ai_project/lib/u
tils.ts [Client 
Component Browser]
    ./ai_project/compo
nents/ui/button.tsx 
[Client Component 
Browser]
    ./ai_project/compo
nents/Header.tsx 
[Client Component 
Browser]
    ./ai_project/compo
nents/PublicLayout.tsx
 [Client Component 
Browser]
    ./ai_project/app/a
bout/clientPage.tsx 
[Client Component 
Browser]
    ./ai_project/app/a
bout/clientPage.tsx 
[Server Component]
    ./ai_project/app/a
bout/page.tsx [Server 
Component]

  Client Component 
SSR:
    ./ai_project/lib/u
tils.ts [Client 
Component SSR]
    ./ai_project/compo
nents/ui/button.tsx 
[Client Component SSR]
    ./ai_project/compo
nents/Header.tsx 
[Client Component SSR]
    ./ai_project/compo
nents/PublicLayout.tsx
 [Client Component 
SSR]
    ./ai_project/app/a
bout/clientPage.tsx 
[Client Component SSR]
    ./ai_project/app/a
bout/clientPage.tsx 
[Server Component]
    ./ai_project/app/a
bout/page.tsx [Server 
Component]

https://nextjs.org/doc
s/messages/module-not-
found


./ai_project/lib/utils
.ts:2:1
Module not found: 
Can't resolve 
'tailwind-merge'
[0m [90m 1 |[39m 
[36mimport[39m { 
clsx[33m,[39m type 
[33mClassValue[39m 
} [36mfrom[39m [32m
"clsx"[39m[33m;[39m
[31m[1m>[22m[39m[
90m 2 |[39m 
[36mimport[39m { 
twMerge } 
[36mfrom[39m [32m"t
ailwind-merge"[39m[3
3m;[39m
 [90m   |[39m [31m
[1m^[22m[39m[31m[1
m^[22m[39m[31m[1m^
[22m[39m[31m[1m^[
22m[39m[31m[1m^[22
m[39m[31m[1m^[22m
[39m[31m[1m^[22m[3
9m[31m[1m^[22m[39m
[31m[1m^[22m[39m[
31m[1m^[22m[39m[31
m[1m^[22m[39m[31m
[1m^[22m[39m[31m[1
m^[22m[39m[31m[1m^
[22m[39m[31m[1m^[
22m[39m[31m[1m^[22
m[39m[31m[1m^[22m
[39m[31m[1m^[22m[3
9m[31m[1m^[22m[39m
[31m[1m^[22m[39m[
31m[1m^[22m[39m[31
m[1m^[22m[39m[31m
[1m^[22m[39m[31m[1
m^[22m[39m[31m[1m^
[22m[39m[31m[1m^[
22m[39m[31m[1m^[22
m[39m[31m[1m^[22m
[39m[31m[1m^[22m[3
9m[31m[1m^[22m[39m
[31m[1m^[22m[39m[
31m[1m^[22m[39m[31
m[1m^[22m[39m[31m
[1m^[22m[39m[31m[1
m^[22m[39m[31m[1m^
[22m[39m[31m[1m^[
22m[39m[31m[1m^[22
m[39m[31m[1m^[22m
[39m[31m[1m^[22m[3
9m[31m[1m^[22m[39m
 [90m 3 |[39m
 [90m 4 |[39m 
[36mexport[39m 
[36mfunction[39m cn(
[33m...[39minputs[3
3m:[39m [33mClassVal
ue[39m[]) {
 [90m 5 |[39m   
[36mreturn[39m twMer
ge(clsx(inputs))[33m;
[39m[0m



Import traces:
  Server Component:
    ./ai_project/lib/u
tils.ts
    ./ai_project/compo
nents/ui/textarea.tsx
    ./ai_project/app/c
ontact/clientPage.tsx
    ./ai_project/app/c
ontact/page.tsx

  Client Component 
Browser:
    ./ai_project/lib/u
tils.ts [Client 
Component Browser]
    ./ai_project/compo
nents/ui/button.tsx 
[Client Component 
Browser]
    ./ai_project/compo
nents/Header.tsx 
[Client Component 
Browser]
    ./ai_project/compo
nents/PublicLayout.tsx
 [Client Component 
Browser]
    ./ai_project/app/a
bout/clientPage.tsx 
[Client Component 
Browser]
    ./ai_project/app/a
bout/clientPage.tsx 
[Server Component]
    ./ai_project/app/a
bout/page.tsx [Server 
Component]

  Client Component 
SSR:
    ./ai_project/lib/u
tils.ts [Client 
Component SSR]
    ./ai_project/compo
nents/ui/button.tsx 
[Client Component SSR]
    ./ai_project/compo
nents/Header.tsx 
[Client Component SSR]
    ./ai_project/compo
nents/PublicLayout.tsx
 [Client Component 
SSR]
    ./ai_project/app/a
bout/clientPage.tsx 
[Client Component SSR]
    ./ai_project/app/a
bout/clientPage.tsx 
[Server Component]
    ./ai_project/app/a
bout/page.tsx [Server 
Component]

https://nextjs.org/doc
s/messages/module-not-
found


    at <unknown> (./ai
_project/app/contact/c
lientPage.tsx:1:10)
    at <unknown> (./ai
_project/app/dashboard
/api-settings/clientPa
ge.tsx:7:10)
    at <unknown> (./ai
_project/app/dashboard
/speech-to-text/client
Page.tsx:1:10)
    at <unknown> (./ai
_project/app/dashboard
/text-to-speech/client
Page.tsx:1:10)
    at <unknown> (./ai
_project/app/dashboard
/voice-cloning/clientP
age.tsx:1:10)
    at <unknown> (./ai
_project/app/dashboard
/voice-dialogue/client
Page.tsx:1:10)
    at <unknown> (./ai
_project/app/login/cli
entPage.tsx:1:10)
    at <unknown> (./ai
_project/app/not-found
.tsx:2:10)
    at <unknown> (./ai
_project/app/pricing/c
lientPage.tsx:1:10)
    at <unknown> (./ai
_project/app/register/
clientPage.tsx:1:10)
    at <unknown> (./ai
_project/components/Da
shboardLayout.tsx:1:21
)
    at <unknown> (./ai
_project/app/clientHom
ePage.tsx:18:1)
    at <unknown> (http
s://nextjs.org/docs/me
ssages/module-not-foun
d)
    at <unknown> (./ai
_project/components/ui
/label.tsx:2:1)
    at <unknown> (http
s://nextjs.org/docs/me
ssages/module-not-foun
d)
    at <unknown> (./ai
_project/components/ui
/select.tsx:2:1)
    at <unknown> (http
s://nextjs.org/docs/me
ssages/module-not-foun
d)
    at <unknown> (./ai
_project/components/ui
/slider.tsx:2:1)
    at <unknown> (http
s://nextjs.org/docs/me
ssages/module-not-foun
d)
    at <unknown> (./ai
_project/components/ui
/button.tsx:2:1)
    at <unknown> (http
s://nextjs.org/docs/me
ssages/module-not-foun
d)
    at <unknown> (./ai
_project/components/ui
/button.tsx:3:1)
    at <unknown> (http
s://nextjs.org/docs/me
ssages/module-not-foun
d)
    at <unknown> (./ai
_project/components/ui
/label.tsx:3:1)
    at <unknown> (http
s://nextjs.org/docs/me
ssages/module-not-foun
d)
    at <unknown> (./ai
_project/lib/utils.ts:
1:1)
    at <unknown> (http
s://nextjs.org/docs/me
ssages/module-not-foun
d)
    at <unknown> (./ai
_project/lib/utils.ts:
2:1)
    at <unknown> (http
s://nextjs.org/docs/me
ssages/module-not-foun
d)
