app/clientHomePage.tsx(118,23): error TS2322: Type '{ children: Element; variant: string; size: string; asChild: true; }' is not assignable to type 'IntrinsicAttributes & ButtonProps & RefAttributes<HTMLButtonElement>'.
  Property 'variant' does not exist on type 'IntrinsicAttributes & ButtonProps & RefAttributes<HTMLButtonElement>'.
app/clientHomePage.tsx(124,23): error TS2322: Type '{ children: Element; variant: string; size: string; asChild: true; }' is not assignable to type 'IntrinsicAttributes & ButtonProps & RefAttributes<HTMLButtonElement>'.
  Property 'variant' does not exist on type 'IntrinsicAttributes & ButtonProps & RefAttributes<HTMLButtonElement>'.
app/clientHomePage.tsx(267,23): error TS2322: Type '{ children: Element; variant: string; size: string; asChild: true; }' is not assignable to type 'IntrinsicAttributes & ButtonProps & RefAttributes<HTMLButtonElement>'.
  Property 'variant' does not exist on type 'IntrinsicAttributes & ButtonProps & RefAttributes<HTMLButtonElement>'.
app/contact/clientPage.tsx(104,23): error TS2322: Type '{ children: (string | Element)[]; variant: string; type: "submit"; className: string; }' is not assignable to type 'IntrinsicAttributes & ButtonProps & RefAttributes<HTMLButtonElement>'.
  Property 'variant' does not exist on type 'IntrinsicAttributes & ButtonProps & RefAttributes<HTMLButtonElement>'.
app/dashboard/api-settings/clientPage.tsx(29,23): error TS2322: Type '{ children: Element; variant: string; size: string; onClick: () => void; }' is not assignable to type 'IntrinsicAttributes & ButtonProps & RefAttributes<HTMLButtonElement>'.
  Property 'variant' does not exist on type 'IntrinsicAttributes & ButtonProps & RefAttributes<HTMLButtonElement>'.
app/dashboard/api-settings/clientPage.tsx(32,23): error TS2322: Type '{ children: Element; variant: string; size: string; }' is not assignable to type 'IntrinsicAttributes & ButtonProps & RefAttributes<HTMLButtonElement>'.
  Property 'variant' does not exist on type 'IntrinsicAttributes & ButtonProps & RefAttributes<HTMLButtonElement>'.
app/dashboard/billing/clientPage.tsx(18,23): error TS2322: Type '{ children: Element; variant: string; asChild: true; }' is not assignable to type 'IntrinsicAttributes & ButtonProps & RefAttributes<HTMLButtonElement>'.
  Property 'variant' does not exist on type 'IntrinsicAttributes & ButtonProps & RefAttributes<HTMLButtonElement>'.
app/dashboard/profile/clientPage.tsx(31,21): error TS2322: Type '{ children: string; variant: string; onClick: () => { id: string; dismiss: () => void; update: (props: any) => void; }; }' is not assignable to type 'IntrinsicAttributes & ButtonProps & RefAttributes<HTMLButtonElement>'.
  Property 'variant' does not exist on type 'IntrinsicAttributes & ButtonProps & RefAttributes<HTMLButtonElement>'.
app/dashboard/profile/clientPage.tsx(46,21): error TS2322: Type '{ children: string; variant: string; onClick: () => { id: string; dismiss: () => void; update: (props: any) => void; }; }' is not assignable to type 'IntrinsicAttributes & ButtonProps & RefAttributes<HTMLButtonElement>'.
  Property 'variant' does not exist on type 'IntrinsicAttributes & ButtonProps & RefAttributes<HTMLButtonElement>'.
app/dashboard/speech-to-text/clientPage.tsx(38,21): error TS2322: Type '{ children: string | Element; variant: string; onClick: () => void; disabled: boolean; }' is not assignable to type 'IntrinsicAttributes & ButtonProps & RefAttributes<HTMLButtonElement>'.
  Property 'variant' does not exist on type 'IntrinsicAttributes & ButtonProps & RefAttributes<HTMLButtonElement>'.
app/dashboard/speech-to-text/clientPage.tsx(47,25): error TS2322: Type '{ children: (string | Element)[]; variant: string; size: string; onClick: () => void; }' is not assignable to type 'IntrinsicAttributes & ButtonProps & RefAttributes<HTMLButtonElement>'.
  Property 'variant' does not exist on type 'IntrinsicAttributes & ButtonProps & RefAttributes<HTMLButtonElement>'.
app/dashboard/text-to-speech/clientPage.tsx(65,17): error TS2322: Type '{ children: Element; variant: string; className: string; onClick: () => void; disabled: boolean; }' is not assignable to type 'IntrinsicAttributes & ButtonProps & RefAttributes<HTMLButtonElement>'.
  Property 'variant' does not exist on type 'IntrinsicAttributes & ButtonProps & RefAttributes<HTMLButtonElement>'.
app/dashboard/text-to-speech/clientPage.tsx(90,29): error TS2322: Type '{ children: (string | Element)[]; variant: string; size: string; }' is not assignable to type 'IntrinsicAttributes & ButtonProps & RefAttributes<HTMLButtonElement>'.
  Property 'variant' does not exist on type 'IntrinsicAttributes & ButtonProps & RefAttributes<HTMLButtonElement>'.
app/dashboard/text-to-speech/clientPage.tsx(95,29): error TS2322: Type '{ children: Element; variant: string; size: string; className: string; }' is not assignable to type 'IntrinsicAttributes & ButtonProps & RefAttributes<HTMLButtonElement>'.
  Property 'variant' does not exist on type 'IntrinsicAttributes & ButtonProps & RefAttributes<HTMLButtonElement>'.
app/dashboard/voice-cloning/clientPage.tsx(40,23): error TS2322: Type '{ children: (string | Element)[]; variant: string; className: string; onClick: () => void; }' is not assignable to type 'IntrinsicAttributes & ButtonProps & RefAttributes<HTMLButtonElement>'.
  Property 'variant' does not exist on type 'IntrinsicAttributes & ButtonProps & RefAttributes<HTMLButtonElement>'.
app/dashboard/voice-cloning/clientPage.tsx(55,29): error TS2322: Type '{ children: Element; variant: string; size: string; className: string; }' is not assignable to type 'IntrinsicAttributes & ButtonProps & RefAttributes<HTMLButtonElement>'.
  Property 'variant' does not exist on type 'IntrinsicAttributes & ButtonProps & RefAttributes<HTMLButtonElement>'.
app/dashboard/voice-cloning/clientPage.tsx(56,29): error TS2322: Type '{ children: Element; variant: string; size: string; className: string; }' is not assignable to type 'IntrinsicAttributes & ButtonProps & RefAttributes<HTMLButtonElement>'.
  Property 'variant' does not exist on type 'IntrinsicAttributes & ButtonProps & RefAttributes<HTMLButtonElement>'.
app/dashboard/voice-dialogue/clientPage.tsx(72,27): error TS2322: Type '{ children: (string | Element)[]; variant: string; size: string; className: string; }' is not assignable to type 'IntrinsicAttributes & ButtonProps & RefAttributes<HTMLButtonElement>'.
  Property 'variant' does not exist on type 'IntrinsicAttributes & ButtonProps & RefAttributes<HTMLButtonElement>'.
app/dashboard/voice-dialogue/clientPage.tsx(88,19): error TS2322: Type '{ children: Element; variant: string; onClick: () => void; }' is not assignable to type 'IntrinsicAttributes & ButtonProps & RefAttributes<HTMLButtonElement>'.
  Property 'variant' does not exist on type 'IntrinsicAttributes & ButtonProps & RefAttributes<HTMLButtonElement>'.
app/login/clientPage.tsx(47,21): error TS2322: Type '{ children: string; variant: string; type: "submit"; className: string; }' is not assignable to type 'IntrinsicAttributes & ButtonProps & RefAttributes<HTMLButtonElement>'.
  Property 'variant' does not exist on type 'IntrinsicAttributes & ButtonProps & RefAttributes<HTMLButtonElement>'.
app/pricing/clientPage.tsx(141,19): error TS2322: Type '{ children: Element; variant: string; className: string; asChild: true; }' is not assignable to type 'IntrinsicAttributes & ButtonProps & RefAttributes<HTMLButtonElement>'.
  Property 'variant' does not exist on type 'IntrinsicAttributes & ButtonProps & RefAttributes<HTMLButtonElement>'.
app/register/clientPage.tsx(51,21): error TS2322: Type '{ children: string; variant: string; type: "submit"; className: string; }' is not assignable to type 'IntrinsicAttributes & ButtonProps & RefAttributes<HTMLButtonElement>'.
  Property 'variant' does not exist on type 'IntrinsicAttributes & ButtonProps & RefAttributes<HTMLButtonElement>'.
components/Header.tsx(45,19): error TS2322: Type '{ children: Element; variant: string; size: string; asChild: true; }' is not assignable to type 'IntrinsicAttributes & ButtonProps & RefAttributes<HTMLButtonElement>'.
  Property 'variant' does not exist on type 'IntrinsicAttributes & ButtonProps & RefAttributes<HTMLButtonElement>'.
components/Header.tsx(48,19): error TS2322: Type '{ children: Element; variant: string; size: string; asChild: true; }' is not assignable to type 'IntrinsicAttributes & ButtonProps & RefAttributes<HTMLButtonElement>'.
  Property 'variant' does not exist on type 'IntrinsicAttributes & ButtonProps & RefAttributes<HTMLButtonElement>'.
components/Header.tsx(81,25): error TS2322: Type '{ children: Element; variant: string; size: string; asChild: true; className: string; }' is not assignable to type 'IntrinsicAttributes & ButtonProps & RefAttributes<HTMLButtonElement>'.
  Property 'variant' does not exist on type 'IntrinsicAttributes & ButtonProps & RefAttributes<HTMLButtonElement>'.
components/Header.tsx(84,25): error TS2322: Type '{ children: Element; variant: string; size: string; asChild: true; className: string; }' is not assignable to type 'IntrinsicAttributes & ButtonProps & RefAttributes<HTMLButtonElement>'.
  Property 'variant' does not exist on type 'IntrinsicAttributes & ButtonProps & RefAttributes<HTMLButtonElement>'.
components/ui/accordion.tsx(2,37): error TS2307: Cannot find module '@radix-ui/react-accordion' or its corresponding type declarations.
components/ui/alert-dialog.tsx(2,39): error TS2307: Cannot find module '@radix-ui/react-alert-dialog' or its corresponding type declarations.
components/ui/alert.tsx(2,40): error TS2307: Cannot find module 'class-variance-authority' or its corresponding type declarations.
components/ui/aspect-ratio.tsx(1,39): error TS2307: Cannot find module '@radix-ui/react-aspect-ratio' or its corresponding type declarations.
components/ui/avatar.tsx(2,34): error TS2307: Cannot find module '@radix-ui/react-avatar' or its corresponding type declarations.
components/ui/badge.tsx(2,40): error TS2307: Cannot find module 'class-variance-authority' or its corresponding type declarations.
components/ui/badge.tsx(25,29): error TS2339: Property 'variant' does not exist on type 'BadgeProps'.
components/ui/breadcrumb.tsx(2,22): error TS2307: Cannot find module '@radix-ui/react-slot' or its corresponding type declarations.
components/ui/button.tsx(2,22): error TS2307: Cannot find module '@radix-ui/react-slot' or its corresponding type declarations.
components/ui/button.tsx(3,40): error TS2307: Cannot find module 'class-variance-authority' or its corresponding type declarations.
components/ui/button.tsx(42,17): error TS2339: Property 'variant' does not exist on type 'ButtonProps'.
components/ui/button.tsx(42,26): error TS2339: Property 'size' does not exist on type 'ButtonProps'.
components/ui/calendar.tsx(3,27): error TS2307: Cannot find module 'react-day-picker' or its corresponding type declarations.
components/ui/carousel.tsx(2,61): error TS2307: Cannot find module 'embla-carousel-react' or its corresponding type declarations.
components/ui/carousel.tsx(169,17): error TS2339: Property 'variant' does not exist on type 'Omit<ButtonProps & RefAttributes<HTMLButtonElement>, "ref">'.
components/ui/carousel.tsx(169,38): error TS2339: Property 'size' does not exist on type 'Omit<ButtonProps & RefAttributes<HTMLButtonElement>, "ref">'.
components/ui/carousel.tsx(175,9): error TS2322: Type '{ children: Element[]; suppressHydrationWarning?: boolean | undefined; color?: string | undefined; id?: string | undefined; lang?: string | undefined; name?: string | undefined; ... 287 more ...; className: any; }' is not assignable to type 'IntrinsicAttributes & ButtonProps & RefAttributes<HTMLButtonElement>'.
  Property 'variant' does not exist on type 'IntrinsicAttributes & ButtonProps & RefAttributes<HTMLButtonElement>'.
components/ui/carousel.tsx(197,17): error TS2339: Property 'variant' does not exist on type 'Omit<ButtonProps & RefAttributes<HTMLButtonElement>, "ref">'.
components/ui/carousel.tsx(197,38): error TS2339: Property 'size' does not exist on type 'Omit<ButtonProps & RefAttributes<HTMLButtonElement>, "ref">'.
components/ui/carousel.tsx(203,9): error TS2322: Type '{ children: Element[]; suppressHydrationWarning?: boolean | undefined; color?: string | undefined; id?: string | undefined; lang?: string | undefined; name?: string | undefined; ... 287 more ...; className: any; }' is not assignable to type 'IntrinsicAttributes & ButtonProps & RefAttributes<HTMLButtonElement>'.
  Property 'variant' does not exist on type 'IntrinsicAttributes & ButtonProps & RefAttributes<HTMLButtonElement>'.
components/ui/chart.tsx(2,36): error TS2307: Cannot find module 'recharts' or its corresponding type declarations.
components/ui/chart.tsx(163,25): error TS7006: Parameter 'item' implicitly has an 'any' type.
components/ui/chart.tsx(163,31): error TS7006: Parameter 'index' implicitly has an 'any' type.
components/ui/chart.tsx(249,21): error TS7006: Parameter 'item' implicitly has an 'any' type.
components/ui/checkbox.tsx(2,36): error TS2307: Cannot find module '@radix-ui/react-checkbox' or its corresponding type declarations.
components/ui/collapsible.tsx(1,39): error TS2307: Cannot find module '@radix-ui/react-collapsible' or its corresponding type declarations.
components/ui/command.tsx(2,34): error TS2307: Cannot find module '@radix-ui/react-dialog' or its corresponding type declarations.
components/ui/command.tsx(3,45): error TS2307: Cannot find module 'cmdk' or its corresponding type declarations.
components/ui/command.tsx(26,26): error TS2339: Property 'children' does not exist on type 'CommandDialogProps'.
components/ui/context-menu.tsx(2,39): error TS2307: Cannot find module '@radix-ui/react-context-menu' or its corresponding type declarations.
components/ui/dialog.tsx(2,34): error TS2307: Cannot find module '@radix-ui/react-dialog' or its corresponding type declarations.
components/ui/drawer.tsx(2,43): error TS2307: Cannot find module 'vaul' or its corresponding type declarations.
components/ui/dropdown-menu.tsx(2,40): error TS2307: Cannot find module '@radix-ui/react-dropdown-menu' or its corresponding type declarations.
components/ui/form.tsx(2,33): error TS2307: Cannot find module '@radix-ui/react-label' or its corresponding type declarations.
components/ui/form.tsx(3,22): error TS2307: Cannot find module '@radix-ui/react-slot' or its corresponding type declarations.
components/ui/form.tsx(4,99): error TS2307: Cannot find module 'react-hook-form' or its corresponding type declarations.
components/ui/hover-card.tsx(2,37): error TS2307: Cannot find module '@radix-ui/react-hover-card' or its corresponding type declarations.
components/ui/input-otp.tsx(2,43): error TS2307: Cannot find module 'input-otp' or its corresponding type declarations.
components/ui/input-otp.tsx(29,44): error TS18046: 'inputOTPContext' is of type 'unknown'.
components/ui/label.tsx(2,33): error TS2307: Cannot find module '@radix-ui/react-label' or its corresponding type declarations.
components/ui/label.tsx(3,40): error TS2307: Cannot find module 'class-variance-authority' or its corresponding type declarations.
components/ui/menubar.tsx(2,35): error TS2307: Cannot find module '@radix-ui/react-menubar' or its corresponding type declarations.
components/ui/navigation-menu.tsx(2,42): error TS2307: Cannot find module '@radix-ui/react-navigation-menu' or its corresponding type declarations.
components/ui/navigation-menu.tsx(3,21): error TS2307: Cannot find module 'class-variance-authority' or its corresponding type declarations.
components/ui/pagination.tsx(31,23): error TS2344: Type '"size"' does not satisfy the constraint 'keyof ButtonProps'.
components/ui/pagination.tsx(50,52): error TS2783: 'size' is specified more than once, so this usage will be overwritten.
components/ui/pagination.tsx(58,48): error TS2783: 'size' is specified more than once, so this usage will be overwritten.
components/ui/popover.tsx(2,35): error TS2307: Cannot find module '@radix-ui/react-popover' or its corresponding type declarations.
components/ui/progress.tsx(2,36): error TS2307: Cannot find module '@radix-ui/react-progress' or its corresponding type declarations.
components/ui/radio-group.tsx(2,38): error TS2307: Cannot find module '@radix-ui/react-radio-group' or its corresponding type declarations.
components/ui/resizable.tsx(2,37): error TS2307: Cannot find module 'react-resizable-panels' or its corresponding type declarations.
components/ui/scroll-area.tsx(2,38): error TS2307: Cannot find module '@radix-ui/react-scroll-area' or its corresponding type declarations.
components/ui/select.tsx(2,34): error TS2307: Cannot find module '@radix-ui/react-select' or its corresponding type declarations.
components/ui/separator.tsx(2,37): error TS2307: Cannot find module '@radix-ui/react-separator' or its corresponding type declarations.
components/ui/sheet.tsx(1,33): error TS2307: Cannot find module '@radix-ui/react-dialog' or its corresponding type declarations.
components/ui/sheet.tsx(2,40): error TS2307: Cannot find module 'class-variance-authority' or its corresponding type declarations.
components/ui/sheet.tsx(55,6): error TS2339: Property 'side' does not exist on type 'SheetContentProps'.
components/ui/sheet.tsx(55,22): error TS2339: Property 'className' does not exist on type 'SheetContentProps'.
components/ui/sheet.tsx(55,33): error TS2339: Property 'children' does not exist on type 'SheetContentProps'.
components/ui/sidebar.tsx(2,22): error TS2307: Cannot find module '@radix-ui/react-slot' or its corresponding type declarations.
components/ui/sidebar.tsx(3,35): error TS2307: Cannot find module 'class-variance-authority' or its corresponding type declarations.
components/ui/sidebar.tsx(156,10): error TS2322: Type '{ children: Element; "data-sidebar": string; "data-mobile": string; className: string; style: CSSProperties; side: "left" | "right"; }' is not assignable to type 'IntrinsicAttributes & SheetContentProps & RefAttributes<any>'.
  Property 'children' does not exist on type 'IntrinsicAttributes & SheetContentProps & RefAttributes<any>'.
components/ui/sidebar.tsx(227,9): error TS2322: Type '{ children: Element[]; suppressHydrationWarning?: boolean | undefined; color?: string | undefined; id?: string | undefined; lang?: string | undefined; name?: string | undefined; ... 288 more ...; onClick: (event: MouseEvent<...>) => void; }' is not assignable to type 'IntrinsicAttributes & ButtonProps & RefAttributes<HTMLButtonElement>'.
  Property 'variant' does not exist on type 'IntrinsicAttributes & ButtonProps & RefAttributes<HTMLButtonElement>'.
components/ui/slider.tsx(2,34): error TS2307: Cannot find module '@radix-ui/react-slider' or its corresponding type declarations.
components/ui/sonner.tsx(1,26): error TS2307: Cannot find module 'next-themes' or its corresponding type declarations.
components/ui/sonner.tsx(2,42): error TS2307: Cannot find module 'sonner' or its corresponding type declarations.
components/ui/switch.tsx(2,35): error TS2307: Cannot find module '@radix-ui/react-switch' or its corresponding type declarations.
components/ui/tabs.tsx(2,32): error TS2307: Cannot find module '@radix-ui/react-tabs' or its corresponding type declarations.
components/ui/toast.tsx(2,34): error TS2307: Cannot find module '@radix-ui/react-toast' or its corresponding type declarations.
components/ui/toast.tsx(3,40): error TS2307: Cannot find module 'class-variance-authority' or its corresponding type declarations.
components/ui/toggle-group.tsx(2,39): error TS2307: Cannot find module '@radix-ui/react-toggle-group' or its corresponding type declarations.
components/ui/toggle-group.tsx(3,35): error TS2307: Cannot find module 'class-variance-authority' or its corresponding type declarations.
components/ui/toggle.tsx(2,34): error TS2307: Cannot find module '@radix-ui/react-toggle' or its corresponding type declarations.
components/ui/toggle.tsx(3,40): error TS2307: Cannot find module 'class-variance-authority' or its corresponding type declarations.
components/ui/tooltip.tsx(2,35): error TS2307: Cannot find module '@radix-ui/react-tooltip' or its corresponding type declarations.
hooks/use-toast.ts(153,22): error TS7006: Parameter 'open' implicitly has an 'any' type.
lib/utils.ts(1,39): error TS2307: Cannot find module 'clsx' or its corresponding type declarations.
lib/utils.ts(2,25): error TS2307: Cannot find module 'tailwind-merge' or its corresponding type declarations.
